MAP_START
......................................................................................................................................
......................................................................................................................................
......................................................................................................................................
......................................................................................................................................
......................................................................................................................................
......................................................................................................................................
......................................................................................................................................
......................................................................................................................................
......................................................................................................................................
......................................................................................................................................
......................................................................................................................................
......................................................................................................................................
......................................................................................................................................
......................................................................................................................................
......................................................................................................................................
......................................................................................................................................
......................................................................................................................................
......................................................................................................................................
......................................................................................................................................
......................................................................................................................................
......................................................................................................................................
......................................................................................................................................
......................................................................................................................................
..............................................................@.......................................................................
ppppppppppppppppppppppppppppppppppppppppppppppppppppTppppppppppppppppppppppppppppppppppppppppppppppppppppppppppppppppppppppppppppppppp
......................................................................................................................................
....................................c.c.............g........................g..g.........c...........................................
.............LppppppppppppppppppppppppppppppppppppppppppppppppppR.LppppppppppppppppppppppppppppppppppppppppppppR......................
......................................................................................................................................
.............................................................................................................c........................
...........................................................................................LpppppppppppppppppppppppppppppppppppppppR..
......................................................................................................................................
...............................................c.........m..................c.........................................................
.....................................Lpppppppppppppppppppppppppp.......ppppppppppppppppp..............pppppppppppppppppppppppp........
......................s...............................................................................................................
................LppppppppppppR........................................................................................................
......................................................................................................................................
..........................................................g...........................................................................
wwwwwwwwwwwwwwwwwwwwwwwwwwwwwwwwwwwwwwwwwwwwwwwwwwwwwwwwwwwwwwwwwwwwwwwwwwwwwwwwwwwwwwwwwwwwwwwwwwwwwwwwwwwwwwwwwwwwwwwwwwwwwwwwwwwwww
oooooooooooooooooooooooooooooooooooooooooooooooooooooooooooooooooooooooooooooooooooooooooooooooooooooooooooooooooooooooooooooooooooooo
oooooooooooooooooooooooooooooooooooooooooooooooooooooooooooooooooooooooooooooooooooooooooooooooooooooooooooooooooooooooooooooooooooooo
MAP_END


metadata {

    .: {
        tiles: nil,
        passable:nil,
        collectable:nil,
        other: is_background=true,color=#3d1f4c
    }

    w: {
        tiles:[

            assets/tiles/ground_blood1.png,
            assets/tiles/ground_blood3.png,
            assets/tiles/ground_blood1.png,
            assets/tiles/ground.png
        ],
        passable:false,
        collectable:false,
        other: nil

    }

        o: {
        tiles:[

            assets/tiles/ground.png
        ],
        passable:false,
        collectable:false,
        other: nil

    }

       L: {
        tiles:[

            assets/tiles/platform_left_edge.png
        ],
        passable:false,
        collectable:false,
        other: nil

    }

       R: {
        tiles:[

            assets/tiles/platform_right_edge.png
        ],
        passable:false,
        collectable:false,
        other: nil

    }


            p: {
        tiles:[
          assets/tiles/ground.png,
          assets/tiles/platform_crackedbottom1.png,
          assets/tiles/platform_mossybottom1.png,
          assets/tiles/platform_mossybottom1.png
          ],
          passable:false,
        collectable:false,
        other: nil

    }
          s: {
  tiles:nil
    passable:nil,
  collectable:nil,
  other: spawn_point=player
  }

    c: {
  tiles:nil
    passable:nil,
  collectable:nil,
  other: spawn_point=enemy_cherub
      }
    g: {
  tiles:nil
    passable:nil,
  collectable:nil,
  other: spawn_point=enemy_ghoul
      }
    m: {
  tiles:nil
    passable:nil,
  collectable:nil,
  other: spawn_point=enemy_mutant_cherub
      }

    @: {
  tiles:nil
    passable:nil,
  collectable:nil,
  other: spawn_point=decorative_sign, spear_can_target=true
      }

    T: {
            
  tiles:assets/tiles/platform_mossybottom1.png
    passable:false,
  collectable:false,
  other: spawn_point=any, waves=2, enemies_per_wave=6, spawn_outside_viewport=true, any=[enemy_ghoul,enemy_mutant_cherub,enemy_cherub]
      }

}
